// Jest Snapshot v1, https://goo.gl/fbAQLP

exports[`Participant list testing renders the UI as expected 1`] = `<div />`;
